EI_CLASS	32
EI_DATA		Little-Endian
E_MACHINE	EM_MIPS
DT_RPATH	/system/lib
DT_RPATH	/vendor/lib
DT_NEEDED	libc.so
EXP_SYMBOL	__bss_end__
EXP_SYMBOL	__bss_start
EXP_SYMBOL	__end__
EXP_SYMBOL	_bss_end__
EXP_SYMBOL	_edata
EXP_SYMBOL	_end
EXP_SYMBOL	_fbss
EXP_SYMBOL	_fdata
EXP_SYMBOL	_ftext
EXP_SYMBOL	_gp_disp
EXP_SYMBOL	test
IMP_SYMBOL	__cxa_atexit
IMP_SYMBOL	__cxa_finalize
IMP_SYMBOL	puts
