EI_CLASS	32
EI_DATA		Little-Endian
E_MACHINE	EM_386
DT_RPATH	/system/lib
DT_RPATH	/vendor/lib
DT_NEEDED	libc.so
EXP_SYMBOL	__bss_start
EXP_SYMBOL	_edata
EXP_SYMBOL	_end
EXP_SYMBOL	test
IMP_SYMBOL	__cxa_atexit
IMP_SYMBOL	__cxa_finalize
IMP_SYMBOL	__stack_chk_fail
IMP_SYMBOL	puts
