EI_CLASS	64
EI_DATA		Little-Endian
E_MACHINE	EM_X86_64
DT_NEEDED	libdl.so
DT_NEEDED	libc.so
DT_NEEDED	libstdc++.so
EXP_SYMBOL	__bss_start
EXP_SYMBOL	_edata
EXP_SYMBOL	_end
IMP_SYMBOL	__cxa_atexit
IMP_SYMBOL	__libc_init
IMP_SYMBOL	dlclose
IMP_SYMBOL	dlopen
IMP_SYMBOL	dlsym
IMP_SYMBOL	puts
